---
source: crates/ruff_cli/src/commands/run.rs
---
[1m/home/ferris/project/code.py[0m[36m:[0m1[36m:[0m1[36m:[0m [1;31mE902[0m Permission denied (os error 13)
[1m/home/ferris/project/notebook.ipynb[0m[36m:[0m1[36m:[0m1[36m:[0m [1;31mE902[0m Permission denied (os error 13)
[1m/home/ferris/project/pyproject.toml[0m[36m:[0m1[36m:[0m1[36m:[0m [1;31mE902[0m Permission denied (os error 13)

