---
source: crates/ruff_python_parser/src/parser.rs
expression: parse_ast
---
[
    Try(
        StmtTry {
            range: 0..130,
            body: [
                Raise(
                    StmtRaise {
                        range: 9..28,
                        exc: Some(
                            Call(
                                ExprCall {
                                    range: 15..28,
                                    func: Name(
                                        ExprName {
                                            range: 15..25,
                                            id: "ValueError",
                                            ctx: Load,
                                        },
                                    ),
                                    arguments: Arguments {
                                        range: 25..28,
                                        args: [
                                            Constant(
                                                ExprConstant {
                                                    range: 26..27,
                                                    value: Int(
                                                        1,
                                                    ),
                                                    kind: None,
                                                },
                                            ),
                                        ],
                                        keywords: [],
                                    },
                                },
                            ),
                        ),
                        cause: None,
                    },
                ),
            ],
            handlers: [
                ExceptHandler(
                    ExceptHandlerExceptHandler {
                        range: 29..80,
                        type_: Some(
                            Name(
                                ExprName {
                                    range: 36..45,
                                    id: "TypeError",
                                    ctx: Load,
                                },
                            ),
                        ),
                        name: Some(
                            Identifier {
                                id: "e",
                                range: 49..50,
                            },
                        ),
                        body: [
                            Expr(
                                StmtExpr {
                                    range: 56..80,
                                    value: Call(
                                        ExprCall {
                                            range: 56..80,
                                            func: Name(
                                                ExprName {
                                                    range: 56..61,
                                                    id: "print",
                                                    ctx: Load,
                                                },
                                            ),
                                            arguments: Arguments {
                                                range: 61..80,
                                                args: [
                                                    Constant(
                                                        ExprConstant {
                                                            range: 62..70,
                                                            value: Str(
                                                                StringConstant {
                                                                    value: "caught",
                                                                    implicit_concatenated: false,
                                                                },
                                                            ),
                                                            kind: None,
                                                        },
                                                    ),
                                                    Call(
                                                        ExprCall {
                                                            range: 72..79,
                                                            func: Name(
                                                                ExprName {
                                                                    range: 72..76,
                                                                    id: "type",
                                                                    ctx: Load,
                                                                },
                                                            ),
                                                            arguments: Arguments {
                                                                range: 76..79,
                                                                args: [
                                                                    Name(
                                                                        ExprName {
                                                                            range: 77..78,
                                                                            id: "e",
                                                                            ctx: Load,
                                                                        },
                                                                    ),
                                                                ],
                                                                keywords: [],
                                                            },
                                                        },
                                                    ),
                                                ],
                                                keywords: [],
                                            },
                                        },
                                    ),
                                },
                            ),
                        ],
                    },
                ),
                ExceptHandler(
                    ExceptHandlerExceptHandler {
                        range: 81..130,
                        type_: Some(
                            Name(
                                ExprName {
                                    range: 88..95,
                                    id: "OSError",
                                    ctx: Load,
                                },
                            ),
                        ),
                        name: Some(
                            Identifier {
                                id: "e",
                                range: 99..100,
                            },
                        ),
                        body: [
                            Expr(
                                StmtExpr {
                                    range: 106..130,
                                    value: Call(
                                        ExprCall {
                                            range: 106..130,
                                            func: Name(
                                                ExprName {
                                                    range: 106..111,
                                                    id: "print",
                                                    ctx: Load,
                                                },
                                            ),
                                            arguments: Arguments {
                                                range: 111..130,
                                                args: [
                                                    Constant(
                                                        ExprConstant {
                                                            range: 112..120,
                                                            value: Str(
                                                                StringConstant {
                                                                    value: "caught",
                                                                    implicit_concatenated: false,
                                                                },
                                                            ),
                                                            kind: None,
                                                        },
                                                    ),
                                                    Call(
                                                        ExprCall {
                                                            range: 122..129,
                                                            func: Name(
                                                                ExprName {
                                                                    range: 122..126,
                                                                    id: "type",
                                                                    ctx: Load,
                                                                },
                                                            ),
                                                            arguments: Arguments {
                                                                range: 126..129,
                                                                args: [
                                                                    Name(
                                                                        ExprName {
                                                                            range: 127..128,
                                                                            id: "e",
                                                                            ctx: Load,
                                                                        },
                                                                    ),
                                                                ],
                                                                keywords: [],
                                                            },
                                                        },
                                                    ),
                                                ],
                                                keywords: [],
                                            },
                                        },
                                    ),
                                },
                            ),
                        ],
                    },
                ),
            ],
            orelse: [],
            finalbody: [],
            is_star: false,
        },
    ),
]
